base/centos7-java skyv62 harbor.xz.com/base/centos7-java:skyv62 harbor2.xz.com/base/centos7-java:skyv62
base/centos7-java sky harbor.xz.com/base/centos7-java:sky harbor2.xz.com/base/centos7-java:sky
base/centos7-java v7.0 harbor.xz.com/base/centos7-java:v7.0 harbor2.xz.com/base/centos7-java:v7.0
base/centos7-java v6.6 harbor.xz.com/base/centos7-java:v6.6 harbor2.xz.com/base/centos7-java:v6.6
base/centos7-java skybak harbor.xz.com/base/centos7-java:skybak harbor2.xz.com/base/centos7-java:skybak
base/centos7-java base harbor.xz.com/base/centos7-java:base harbor2.xz.com/base/centos7-java:base
base/coredns 1.0.6 harbor.xz.com/base/coredns:1.0.6 harbor2.xz.com/base/coredns:1.0.6
base/dotnet/core/asonet v3.1 harbor.xz.com/base/dotnet/core/asonet:v3.1 harbor2.xz.com/base/dotnet/core/asonet:v3.1
base/dotnet/core/aspnet 3.1 harbor.xz.com/base/dotnet/core/aspnet:3.1 harbor2.xz.com/base/dotnet/core/aspnet:3.1
base/dotnet/core/sdk v3.1 harbor.xz.com/base/dotnet/core/sdk:v3.1 harbor2.xz.com/base/dotnet/core/sdk:v3.1
base/dotnet/core/sdk 3.1 harbor.xz.com/base/dotnet/core/sdk:3.1 harbor2.xz.com/base/dotnet/core/sdk:3.1
base/filebeat v1 harbor.xz.com/base/filebeat:v1 harbor2.xz.com/base/filebeat:v1
base/kubernetes-dashboard-amd64 v1.10.1 harbor.xz.com/base/kubernetes-dashboard-amd64:v1.10.1 harbor2.xz.com/base/kubernetes-dashboard-amd64:v1.10.1
base/maven v3.6.1 harbor.xz.com/base/maven:v3.6.1 harbor2.xz.com/base/maven:v3.6.1
base/maven base harbor.xz.com/base/maven:base harbor2.xz.com/base/maven:base
base/mavne_net v1 harbor.xz.com/base/mavne_net:v1 harbor2.xz.com/base/mavne_net:v1
base/nginx v1 harbor.xz.com/base/nginx:v1 harbor2.xz.com/base/nginx:v1
base/pause-amd64 3.0 harbor.xz.com/base/pause-amd64:3.0 harbor2.xz.com/base/pause-amd64:3.0
base/prometheus latest harbor.xz.com/base/prometheus:latest harbor2.xz.com/base/prometheus:latest
base/prometheus v2.14.0 harbor.xz.com/base/prometheus:v2.14.0 harbor2.xz.com/base/prometheus:v2.14.0
base/prometheus prometheus harbor.xz.com/base/prometheus:prometheus harbor2.xz.com/base/prometheus:prometheus
base/prometheus v2.2.1 harbor.xz.com/base/prometheus:v2.2.1 harbor2.xz.com/base/prometheus:v2.2.1
base/prometheus/v2.4.3 latest harbor.xz.com/base/prometheus/v2.4.3:latest harbor2.xz.com/base/prometheus/v2.4.3:latest
base/xxl-job v2.1.2 harbor.xz.com/base/xxl-job:v2.1.2 harbor2.xz.com/base/xxl-job:v2.1.2
base/xxl-job betradar harbor.xz.com/base/xxl-job:betradar harbor2.xz.com/base/xxl-job:betradar
base/xxl-job v1 harbor.xz.com/base/xxl-job:v1 harbor2.xz.com/base/xxl-job:v1
master/apollo-tool 091601 harbor.xz.com/master/apollo-tool:091601 harbor2.xz.com/master/apollo-tool:091601
master/check-inner-online-server 082701 harbor.xz.com/master/check-inner-online-server:082701 harbor2.xz.com/master/check-inner-online-server:082701
master/xxl-tool 092801 harbor.xz.com/master/xxl-tool:092801 harbor2.xz.com/master/xxl-tool:092801
test-ls/adapter-game-data 202012171617 harbor.xz.com/test-ls/adapter-game-data:202012171617 harbor2.xz.com/test-ls/adapter-game-data:202012171617
test-ls/adapter-game-data 202012171542 harbor.xz.com/test-ls/adapter-game-data:202012171542 harbor2.xz.com/test-ls/adapter-game-data:202012171542
test-ls/adapter-game-databank 202012171128 harbor.xz.com/test-ls/adapter-game-databank:202012171128 harbor2.xz.com/test-ls/adapter-game-databank:202012171128
test-ls/adapter-game-databank 202012171116 harbor.xz.com/test-ls/adapter-game-databank:202012171116 harbor2.xz.com/test-ls/adapter-game-databank:202012171116
test-ls/adapter-game-databank 202012171029 harbor.xz.com/test-ls/adapter-game-databank:202012171029 harbor2.xz.com/test-ls/adapter-game-databank:202012171029
test-ls/adapter-game-databank 202012171022 harbor.xz.com/test-ls/adapter-game-databank:202012171022 harbor2.xz.com/test-ls/adapter-game-databank:202012171022
test-ls/adapter-game-databank 202012161938 harbor.xz.com/test-ls/adapter-game-databank:202012161938 harbor2.xz.com/test-ls/adapter-game-databank:202012161938
test-ls/adapter-game-databank 202012161744 harbor.xz.com/test-ls/adapter-game-databank:202012161744 harbor2.xz.com/test-ls/adapter-game-databank:202012161744
test-ls/adapter-game-databank 202012161219 harbor.xz.com/test-ls/adapter-game-databank:202012161219 harbor2.xz.com/test-ls/adapter-game-databank:202012161219
test-ls/adapter-game-databank 202012161058 harbor.xz.com/test-ls/adapter-game-databank:202012161058 harbor2.xz.com/test-ls/adapter-game-databank:202012161058
test-ls/adapter-game-databank 202012151827 harbor.xz.com/test-ls/adapter-game-databank:202012151827 harbor2.xz.com/test-ls/adapter-game-databank:202012151827
test-ls/adapter-game-databank 202012151508 harbor.xz.com/test-ls/adapter-game-databank:202012151508 harbor2.xz.com/test-ls/adapter-game-databank:202012151508
test-ls/adapter-game-databank 202012151214 harbor.xz.com/test-ls/adapter-game-databank:202012151214 harbor2.xz.com/test-ls/adapter-game-databank:202012151214
test-ls/adapter-game-databank 202012141954 harbor.xz.com/test-ls/adapter-game-databank:202012141954 harbor2.xz.com/test-ls/adapter-game-databank:202012141954
test-ls/adapter-game-databank 202012141643 harbor.xz.com/test-ls/adapter-game-databank:202012141643 harbor2.xz.com/test-ls/adapter-game-databank:202012141643
test-ls/adapter-game-databank 202012141504 harbor.xz.com/test-ls/adapter-game-databank:202012141504 harbor2.xz.com/test-ls/adapter-game-databank:202012141504
test-ls/adapter-game-databank 202012141336 harbor.xz.com/test-ls/adapter-game-databank:202012141336 harbor2.xz.com/test-ls/adapter-game-databank:202012141336
test-ls/adapter-game-databank-player 202012181758 harbor.xz.com/test-ls/adapter-game-databank-player:202012181758 harbor2.xz.com/test-ls/adapter-game-databank-player:202012181758
test-ls/adapter-game-databank-player 202012181520 harbor.xz.com/test-ls/adapter-game-databank-player:202012181520 harbor2.xz.com/test-ls/adapter-game-databank-player:202012181520
test-ls/adapter-game-databank-player 202012181435 harbor.xz.com/test-ls/adapter-game-databank-player:202012181435 harbor2.xz.com/test-ls/adapter-game-databank-player:202012181435
test-ls/adapter-game-databank-player 202012181421 harbor.xz.com/test-ls/adapter-game-databank-player:202012181421 harbor2.xz.com/test-ls/adapter-game-databank-player:202012181421
test-ls/adapter-game-databank-player 202012171621 harbor.xz.com/test-ls/adapter-game-databank-player:202012171621 harbor2.xz.com/test-ls/adapter-game-databank-player:202012171621
test-ls/adapter-game-databank-player 202012171545 harbor.xz.com/test-ls/adapter-game-databank-player:202012171545 harbor2.xz.com/test-ls/adapter-game-databank-player:202012171545
test-ls/adapter-game-databank-player 202012171459 harbor.xz.com/test-ls/adapter-game-databank-player:202012171459 harbor2.xz.com/test-ls/adapter-game-databank-player:202012171459
test-ls/adapter-game-databank-player 202012171451 harbor.xz.com/test-ls/adapter-game-databank-player:202012171451 harbor2.xz.com/test-ls/adapter-game-databank-player:202012171451
test-ls/adapter-game-databank-player 202012171430 harbor.xz.com/test-ls/adapter-game-databank-player:202012171430 harbor2.xz.com/test-ls/adapter-game-databank-player:202012171430
test-ls/adapter-game-databank-player 202012171419 harbor.xz.com/test-ls/adapter-game-databank-player:202012171419 harbor2.xz.com/test-ls/adapter-game-databank-player:202012171419
test-ls/adapter-game-databank-player 202012171137 harbor.xz.com/test-ls/adapter-game-databank-player:202012171137 harbor2.xz.com/test-ls/adapter-game-databank-player:202012171137
test-ls/adapter-game-databank-player 202012161554 harbor.xz.com/test-ls/adapter-game-databank-player:202012161554 harbor2.xz.com/test-ls/adapter-game-databank-player:202012161554
test-ls/adapter-game-databank-player 202012151051 harbor.xz.com/test-ls/adapter-game-databank-player:202012151051 harbor2.xz.com/test-ls/adapter-game-databank-player:202012151051
test-ls/adapter-game-databank-player 202012151047 harbor.xz.com/test-ls/adapter-game-databank-player:202012151047 harbor2.xz.com/test-ls/adapter-game-databank-player:202012151047
test-ls/adapter-game-databank-player 202012141840 harbor.xz.com/test-ls/adapter-game-databank-player:202012141840 harbor2.xz.com/test-ls/adapter-game-databank-player:202012141840
test-ls/adapter-ls 202012171126 harbor.xz.com/test-ls/adapter-ls:202012171126 harbor2.xz.com/test-ls/adapter-ls:202012171126
test-ls/adapter-ls 202012161922 harbor.xz.com/test-ls/adapter-ls:202012161922 harbor2.xz.com/test-ls/adapter-ls:202012161922
test-ls/adapter-ls 202012161907 harbor.xz.com/test-ls/adapter-ls:202012161907 harbor2.xz.com/test-ls/adapter-ls:202012161907
test-ls/adapter-ls 202012151703 harbor.xz.com/test-ls/adapter-ls:202012151703 harbor2.xz.com/test-ls/adapter-ls:202012151703
test-ls/adapter-ls 202012151551 harbor.xz.com/test-ls/adapter-ls:202012151551 harbor2.xz.com/test-ls/adapter-ls:202012151551
test-ls/adapter-ls 202012151339 harbor.xz.com/test-ls/adapter-ls:202012151339 harbor2.xz.com/test-ls/adapter-ls:202012151339
test-ls/adapter-ls 202012151203 harbor.xz.com/test-ls/adapter-ls:202012151203 harbor2.xz.com/test-ls/adapter-ls:202012151203
test-ls/adapter-ls 202012151144 harbor.xz.com/test-ls/adapter-ls:202012151144 harbor2.xz.com/test-ls/adapter-ls:202012151144
test-ls/adapter-ls 202012151042 harbor.xz.com/test-ls/adapter-ls:202012151042 harbor2.xz.com/test-ls/adapter-ls:202012151042
test-ls/adapter-ls 202012141822 harbor.xz.com/test-ls/adapter-ls:202012141822 harbor2.xz.com/test-ls/adapter-ls:202012141822
test-ls/adapter-ls 202012141804 harbor.xz.com/test-ls/adapter-ls:202012141804 harbor2.xz.com/test-ls/adapter-ls:202012141804
test-ls/adapter-ls 202012141715 harbor.xz.com/test-ls/adapter-ls:202012141715 harbor2.xz.com/test-ls/adapter-ls:202012141715
test-ls/adapter-ls 202012141647 harbor.xz.com/test-ls/adapter-ls:202012141647 harbor2.xz.com/test-ls/adapter-ls:202012141647
test-ls/adapter-ls 202012102137 harbor.xz.com/test-ls/adapter-ls:202012102137 harbor2.xz.com/test-ls/adapter-ls:202012102137
test-ls/adapter-ls 202012102117 harbor.xz.com/test-ls/adapter-ls:202012102117 harbor2.xz.com/test-ls/adapter-ls:202012102117
test-ls/adapter-merchant 202012171547 harbor.xz.com/test-ls/adapter-merchant:202012171547 harbor2.xz.com/test-ls/adapter-merchant:202012171547
test-ls/admin-api 202012161318 harbor.xz.com/test-ls/admin-api:202012161318 harbor2.xz.com/test-ls/admin-api:202012161318
test-ls/admin-api 202012161116 harbor.xz.com/test-ls/admin-api:202012161116 harbor2.xz.com/test-ls/admin-api:202012161116
test-ls/auth-server 202012161445 harbor.xz.com/test-ls/auth-server:202012161445 harbor2.xz.com/test-ls/auth-server:202012161445
test-ls/data-page-server 202012161208 harbor.xz.com/test-ls/data-page-server:202012161208 harbor2.xz.com/test-ls/data-page-server:202012161208
test-ls/player-api 202012171351 harbor.xz.com/test-ls/player-api:202012171351 harbor2.xz.com/test-ls/player-api:202012171351
