library/coredns 1.0.6 harbor.xz.com/library/coredns:1.0.6 harbor.xz.com/library/coredns:1.0.6
aisport/adapter-betradar-accept v1675 harbor.xz.com/aisport/adapter-betradar-accept:v1675 harbor.xz.com/aisport/adapter-betradar-accept:v1675
aisport/adapter-betradar-accept v1588 harbor.xz.com/aisport/adapter-betradar-accept:v1588 harbor.xz.com/aisport/adapter-betradar-accept:v1588
aisport/adapter-betradar-accept v1296 harbor.xz.com/aisport/adapter-betradar-accept:v1296 harbor.xz.com/aisport/adapter-betradar-accept:v1296
aisport/adapter-betradar-accept v1251 harbor.xz.com/aisport/adapter-betradar-accept:v1251 harbor.xz.com/aisport/adapter-betradar-accept:v1251
aisport/adapter-betradar-accept v1236 harbor.xz.com/aisport/adapter-betradar-accept:v1236 harbor.xz.com/aisport/adapter-betradar-accept:v1236
aisport/adapter-betradar-accept v1233 harbor.xz.com/aisport/adapter-betradar-accept:v1233 harbor.xz.com/aisport/adapter-betradar-accept:v1233
aisport/adapter-betradar-ticket v1676 harbor.xz.com/aisport/adapter-betradar-ticket:v1676 harbor.xz.com/aisport/adapter-betradar-ticket:v1676
aisport/adapter-betradar-ticket v1297 harbor.xz.com/aisport/adapter-betradar-ticket:v1297 harbor.xz.com/aisport/adapter-betradar-ticket:v1297
aisport/adapter-betradar-ticket v1273 harbor.xz.com/aisport/adapter-betradar-ticket:v1273 harbor.xz.com/aisport/adapter-betradar-ticket:v1273
aisport/adapter-betradar-ticket v1256 harbor.xz.com/aisport/adapter-betradar-ticket:v1256 harbor.xz.com/aisport/adapter-betradar-ticket:v1256
aisport/adapter-betradar-ticket v1250 harbor.xz.com/aisport/adapter-betradar-ticket:v1250 harbor.xz.com/aisport/adapter-betradar-ticket:v1250
aisport/adapter-betradar-ticket v1218 harbor.xz.com/aisport/adapter-betradar-ticket:v1218 harbor.xz.com/aisport/adapter-betradar-ticket:v1218
aisport/adapter-betradar-ticket v1183 harbor.xz.com/aisport/adapter-betradar-ticket:v1183 harbor.xz.com/aisport/adapter-betradar-ticket:v1183
aisport/adapter-betradar-web v1677 harbor.xz.com/aisport/adapter-betradar-web:v1677 harbor.xz.com/aisport/adapter-betradar-web:v1677
aisport/adapter-betradar-web v1298 harbor.xz.com/aisport/adapter-betradar-web:v1298 harbor.xz.com/aisport/adapter-betradar-web:v1298
aisport/adapter-betradar-web v1272 harbor.xz.com/aisport/adapter-betradar-web:v1272 harbor.xz.com/aisport/adapter-betradar-web:v1272
aisport/adapter-betradar-web v1227 harbor.xz.com/aisport/adapter-betradar-web:v1227 harbor.xz.com/aisport/adapter-betradar-web:v1227
aisport/adapter-game-data v2607 harbor.xz.com/aisport/adapter-game-data:v2607 harbor.xz.com/aisport/adapter-game-data:v2607
aisport/adapter-game-data v2356 harbor.xz.com/aisport/adapter-game-data:v2356 harbor.xz.com/aisport/adapter-game-data:v2356
aisport/adapter-game-data v2308 harbor.xz.com/aisport/adapter-game-data:v2308 harbor.xz.com/aisport/adapter-game-data:v2308
aisport/adapter-game-data v2277 harbor.xz.com/aisport/adapter-game-data:v2277 harbor.xz.com/aisport/adapter-game-data:v2277
aisport/adapter-game-data v2216 harbor.xz.com/aisport/adapter-game-data:v2216 harbor.xz.com/aisport/adapter-game-data:v2216
aisport/adapter-game-data v2202 harbor.xz.com/aisport/adapter-game-data:v2202 harbor.xz.com/aisport/adapter-game-data:v2202
aisport/adapter-game-data v2198 harbor.xz.com/aisport/adapter-game-data:v2198 harbor.xz.com/aisport/adapter-game-data:v2198
aisport/adapter-game-data v2100 harbor.xz.com/aisport/adapter-game-data:v2100 harbor.xz.com/aisport/adapter-game-data:v2100
aisport/adapter-game-data v2067 harbor.xz.com/aisport/adapter-game-data:v2067 harbor.xz.com/aisport/adapter-game-data:v2067
aisport/adapter-game-data v1956 harbor.xz.com/aisport/adapter-game-data:v1956 harbor.xz.com/aisport/adapter-game-data:v1956
aisport/adapter-game-data v1903 harbor.xz.com/aisport/adapter-game-data:v1903 harbor.xz.com/aisport/adapter-game-data:v1903
aisport/adapter-game-data v1868 harbor.xz.com/aisport/adapter-game-data:v1868 harbor.xz.com/aisport/adapter-game-data:v1868
aisport/adapter-game-data v1812 harbor.xz.com/aisport/adapter-game-data:v1812 harbor.xz.com/aisport/adapter-game-data:v1812
aisport/adapter-game-data v1736 harbor.xz.com/aisport/adapter-game-data:v1736 harbor.xz.com/aisport/adapter-game-data:v1736
aisport/adapter-game-data v1733 harbor.xz.com/aisport/adapter-game-data:v1733 harbor.xz.com/aisport/adapter-game-data:v1733
aisport/adapter-game-databank v2608 harbor.xz.com/aisport/adapter-game-databank:v2608 harbor.xz.com/aisport/adapter-game-databank:v2608
aisport/adapter-game-databank v2357 harbor.xz.com/aisport/adapter-game-databank:v2357 harbor.xz.com/aisport/adapter-game-databank:v2357
aisport/adapter-game-databank v2307 harbor.xz.com/aisport/adapter-game-databank:v2307 harbor.xz.com/aisport/adapter-game-databank:v2307
aisport/adapter-game-databank v1883 harbor.xz.com/aisport/adapter-game-databank:v1883 harbor.xz.com/aisport/adapter-game-databank:v1883
aisport/adapter-game-databank v1869 harbor.xz.com/aisport/adapter-game-databank:v1869 harbor.xz.com/aisport/adapter-game-databank:v1869
aisport/adapter-game-databank v1803 harbor.xz.com/aisport/adapter-game-databank:v1803 harbor.xz.com/aisport/adapter-game-databank:v1803
aisport/adapter-game-databank v1737 harbor.xz.com/aisport/adapter-game-databank:v1737 harbor.xz.com/aisport/adapter-game-databank:v1737
aisport/adapter-game-databank v1728 harbor.xz.com/aisport/adapter-game-databank:v1728 harbor.xz.com/aisport/adapter-game-databank:v1728
aisport/adapter-game-databank v1582 harbor.xz.com/aisport/adapter-game-databank:v1582 harbor.xz.com/aisport/adapter-game-databank:v1582
aisport/adapter-game-databank v1190 harbor.xz.com/aisport/adapter-game-databank:v1190 harbor.xz.com/aisport/adapter-game-databank:v1190
aisport/adapter-game-databank v1117 harbor.xz.com/aisport/adapter-game-databank:v1117 harbor.xz.com/aisport/adapter-game-databank:v1117
aisport/adapter-game-databank v1064 harbor.xz.com/aisport/adapter-game-databank:v1064 harbor.xz.com/aisport/adapter-game-databank:v1064
aisport/adapter-game-databank v949 harbor.xz.com/aisport/adapter-game-databank:v949 harbor.xz.com/aisport/adapter-game-databank:v949
aisport/adapter-game-databank v844 harbor.xz.com/aisport/adapter-game-databank:v844 harbor.xz.com/aisport/adapter-game-databank:v844
aisport/adapter-game-databank v812 harbor.xz.com/aisport/adapter-game-databank:v812 harbor.xz.com/aisport/adapter-game-databank:v812
aisport/adapter-game-databank-player v2476 harbor.xz.com/aisport/adapter-game-databank-player:v2476 harbor.xz.com/aisport/adapter-game-databank-player:v2476
aisport/adapter-game-databank-player v2305 harbor.xz.com/aisport/adapter-game-databank-player:v2305 harbor.xz.com/aisport/adapter-game-databank-player:v2305
aisport/adapter-game-databank-player v2004 harbor.xz.com/aisport/adapter-game-databank-player:v2004 harbor.xz.com/aisport/adapter-game-databank-player:v2004
aisport/adapter-game-databank-player v1415 harbor.xz.com/aisport/adapter-game-databank-player:v1415 harbor.xz.com/aisport/adapter-game-databank-player:v1415
aisport/adapter-game-databank-player v1191 harbor.xz.com/aisport/adapter-game-databank-player:v1191 harbor.xz.com/aisport/adapter-game-databank-player:v1191
aisport/adapter-game-databank-player v1118 harbor.xz.com/aisport/adapter-game-databank-player:v1118 harbor.xz.com/aisport/adapter-game-databank-player:v1118
aisport/adapter-game-databank-player v1063 harbor.xz.com/aisport/adapter-game-databank-player:v1063 harbor.xz.com/aisport/adapter-game-databank-player:v1063
aisport/adapter-game-databank-player v1033 harbor.xz.com/aisport/adapter-game-databank-player:v1033 harbor.xz.com/aisport/adapter-game-databank-player:v1033
aisport/adapter-game-databank-player v993 harbor.xz.com/aisport/adapter-game-databank-player:v993 harbor.xz.com/aisport/adapter-game-databank-player:v993
aisport/adapter-game-databank-player v795 harbor.xz.com/aisport/adapter-game-databank-player:v795 harbor.xz.com/aisport/adapter-game-databank-player:v795
aisport/adapter-game-databank-player v472 harbor.xz.com/aisport/adapter-game-databank-player:v472 harbor.xz.com/aisport/adapter-game-databank-player:v472
aisport/adapter-game-databank-player v400 harbor.xz.com/aisport/adapter-game-databank-player:v400 harbor.xz.com/aisport/adapter-game-databank-player:v400
aisport/adapter-game-databank-player v349 harbor.xz.com/aisport/adapter-game-databank-player:v349 harbor.xz.com/aisport/adapter-game-databank-player:v349
aisport/adapter-game-databank-player v308 harbor.xz.com/aisport/adapter-game-databank-player:v308 harbor.xz.com/aisport/adapter-game-databank-player:v308
aisport/adapter-game-databank-player v237 harbor.xz.com/aisport/adapter-game-databank-player:v237 harbor.xz.com/aisport/adapter-game-databank-player:v237
aisport/adapter-merchant v2583 harbor.xz.com/aisport/adapter-merchant:v2583 harbor.xz.com/aisport/adapter-merchant:v2583
aisport/adapter-merchant v2355 harbor.xz.com/aisport/adapter-merchant:v2355 harbor.xz.com/aisport/adapter-merchant:v2355
aisport/adapter-merchant v2348 harbor.xz.com/aisport/adapter-merchant:v2348 harbor.xz.com/aisport/adapter-merchant:v2348
aisport/adapter-merchant v2333 harbor.xz.com/aisport/adapter-merchant:v2333 harbor.xz.com/aisport/adapter-merchant:v2333
aisport/adapter-merchant v2298 harbor.xz.com/aisport/adapter-merchant:v2298 harbor.xz.com/aisport/adapter-merchant:v2298
aisport/adapter-merchant v2205 harbor.xz.com/aisport/adapter-merchant:v2205 harbor.xz.com/aisport/adapter-merchant:v2205
aisport/adapter-merchant v1845 harbor.xz.com/aisport/adapter-merchant:v1845 harbor.xz.com/aisport/adapter-merchant:v1845
aisport/adapter-merchant v1836 harbor.xz.com/aisport/adapter-merchant:v1836 harbor.xz.com/aisport/adapter-merchant:v1836
aisport/adapter-merchant v1827 harbor.xz.com/aisport/adapter-merchant:v1827 harbor.xz.com/aisport/adapter-merchant:v1827
aisport/adapter-merchant v1821 harbor.xz.com/aisport/adapter-merchant:v1821 harbor.xz.com/aisport/adapter-merchant:v1821
aisport/adapter-merchant v1814 harbor.xz.com/aisport/adapter-merchant:v1814 harbor.xz.com/aisport/adapter-merchant:v1814
aisport/adapter-merchant v1811 harbor.xz.com/aisport/adapter-merchant:v1811 harbor.xz.com/aisport/adapter-merchant:v1811
aisport/adapter-merchant v1789 harbor.xz.com/aisport/adapter-merchant:v1789 harbor.xz.com/aisport/adapter-merchant:v1789
aisport/adapter-merchant v1787 harbor.xz.com/aisport/adapter-merchant:v1787 harbor.xz.com/aisport/adapter-merchant:v1787
aisport/adapter-merchant v1784 harbor.xz.com/aisport/adapter-merchant:v1784 harbor.xz.com/aisport/adapter-merchant:v1784
